master_port: 27205
[2025-07-12 10:16:53,816] [INFO] [real_accelerator.py:203:get_accelerator] Setting ds_accelerator to cuda (auto detect)
[93m [WARNING] [0m Please specify the CUTLASS repo directory as environment variable $CUTLASS_PATH
[93m [WARNING] [0m sparse_attn requires a torch version >= 1.5 and < 2.0 but detected 2.2
[93m [WARNING] [0m using untested triton version (2.2.0), only 1.0.0 is known to be compatible
[2025-07-12 10:16:56,548] [WARNING] [runner.py:202:fetch_hostfile] Unable to find hostfile, will proceed with training with local resources only.
Detected CUDA_VISIBLE_DEVICES=0,1,2,3: setting --include=localhost:0,1,2,3
[2025-07-12 10:16:56,548] [INFO] [runner.py:568:main] cmd = /home/liuyanjiao/miniconda3/envs/traj_cuda12/bin/python -u -m deepspeed.launcher.launch --world_info=eyJsb2NhbGhvc3QiOiBbMCwgMSwgMiwgM119 --master_addr=127.0.0.1 --master_port=29500 --enable_each_rank_log=None /home/liuyanjiao/trajectory_predict/trajectory_predict_train.py --deepspeed ./config/ds_config_onslurm.json --model_comment vicuna_map --use_map --llm_model vicuna --llm_model_path ./models/vicuna-7b-v1.5/
[2025-07-12 10:17:00,708] [INFO] [real_accelerator.py:203:get_accelerator] Setting ds_accelerator to cuda (auto detect)
[93m [WARNING] [0m Please specify the CUTLASS repo directory as environment variable $CUTLASS_PATH
[93m [WARNING] [0m sparse_attn requires a torch version >= 1.5 and < 2.0 but detected 2.2
[93m [WARNING] [0m using untested triton version (2.2.0), only 1.0.0 is known to be compatible
[2025-07-12 10:17:03,185] [INFO] [launch.py:146:main] WORLD INFO DICT: {'localhost': [0, 1, 2, 3]}
[2025-07-12 10:17:03,185] [INFO] [launch.py:152:main] nnodes=1, num_local_procs=4, node_rank=0
[2025-07-12 10:17:03,185] [INFO] [launch.py:163:main] global_rank_mapping=defaultdict(<class 'list'>, {'localhost': [0, 1, 2, 3]})
[2025-07-12 10:17:03,185] [INFO] [launch.py:164:main] dist_world_size=4
[2025-07-12 10:17:03,185] [INFO] [launch.py:168:main] Setting CUDA_VISIBLE_DEVICES=0,1,2,3
[2025-07-12 10:17:03,186] [INFO] [launch.py:256:main] process 2317595 spawned with command: ['/home/liuyanjiao/miniconda3/envs/traj_cuda12/bin/python', '-u', '/home/liuyanjiao/trajectory_predict/trajectory_predict_train.py', '--local_rank=0', '--deepspeed', './config/ds_config_onslurm.json', '--model_comment', 'vicuna_map', '--use_map', '--llm_model', 'vicuna', '--llm_model_path', './models/vicuna-7b-v1.5/']
[2025-07-12 10:17:03,186] [INFO] [launch.py:256:main] process 2317596 spawned with command: ['/home/liuyanjiao/miniconda3/envs/traj_cuda12/bin/python', '-u', '/home/liuyanjiao/trajectory_predict/trajectory_predict_train.py', '--local_rank=1', '--deepspeed', './config/ds_config_onslurm.json', '--model_comment', 'vicuna_map', '--use_map', '--llm_model', 'vicuna', '--llm_model_path', './models/vicuna-7b-v1.5/']
[2025-07-12 10:17:03,187] [INFO] [launch.py:256:main] process 2317597 spawned with command: ['/home/liuyanjiao/miniconda3/envs/traj_cuda12/bin/python', '-u', '/home/liuyanjiao/trajectory_predict/trajectory_predict_train.py', '--local_rank=2', '--deepspeed', './config/ds_config_onslurm.json', '--model_comment', 'vicuna_map', '--use_map', '--llm_model', 'vicuna', '--llm_model_path', './models/vicuna-7b-v1.5/']
[2025-07-12 10:17:03,187] [INFO] [launch.py:256:main] process 2317598 spawned with command: ['/home/liuyanjiao/miniconda3/envs/traj_cuda12/bin/python', '-u', '/home/liuyanjiao/trajectory_predict/trajectory_predict_train.py', '--local_rank=3', '--deepspeed', './config/ds_config_onslurm.json', '--model_comment', 'vicuna_map', '--use_map', '--llm_model', 'vicuna', '--llm_model_path', './models/vicuna-7b-v1.5/']
/home/liuyanjiao/miniconda3/envs/traj_cuda12/lib/python3.10/site-packages/ncls/__init__.py:2: UserWarning: pkg_resources is deprecated as an API. See https://setuptools.pypa.io/en/latest/pkg_resources.html. The pkg_resources package is slated for removal as early as 2025-11-30. Refrain from using this package or pin to Setuptools<81.
  import pkg_resources
/home/liuyanjiao/miniconda3/envs/traj_cuda12/lib/python3.10/site-packages/ncls/__init__.py:2: UserWarning: pkg_resources is deprecated as an API. See https://setuptools.pypa.io/en/latest/pkg_resources.html. The pkg_resources package is slated for removal as early as 2025-11-30. Refrain from using this package or pin to Setuptools<81.
  import pkg_resources
/home/liuyanjiao/miniconda3/envs/traj_cuda12/lib/python3.10/site-packages/ncls/__init__.py:2: UserWarning: pkg_resources is deprecated as an API. See https://setuptools.pypa.io/en/latest/pkg_resources.html. The pkg_resources package is slated for removal as early as 2025-11-30. Refrain from using this package or pin to Setuptools<81.
  import pkg_resources
/home/liuyanjiao/miniconda3/envs/traj_cuda12/lib/python3.10/site-packages/ncls/__init__.py:2: UserWarning: pkg_resources is deprecated as an API. See https://setuptools.pypa.io/en/latest/pkg_resources.html. The pkg_resources package is slated for removal as early as 2025-11-30. Refrain from using this package or pin to Setuptools<81.
  import pkg_resources
[2025-07-12 10:17:13,383] [INFO] [real_accelerator.py:203:get_accelerator] Setting ds_accelerator to cuda (auto detect)
[2025-07-12 10:17:13,384] [INFO] [real_accelerator.py:203:get_accelerator] Setting ds_accelerator to cuda (auto detect)
[2025-07-12 10:17:13,384] [INFO] [real_accelerator.py:203:get_accelerator] Setting ds_accelerator to cuda (auto detect)
[2025-07-12 10:17:13,385] [INFO] [real_accelerator.py:203:get_accelerator] Setting ds_accelerator to cuda (auto detect)
[93m [WARNING] [0m Please specify the CUTLASS repo directory as environment variable $CUTLASS_PATH[93m [WARNING] [0m Please specify the CUTLASS repo directory as environment variable $CUTLASS_PATH
[93m [WARNING] [0m Please specify the CUTLASS repo directory as environment variable $CUTLASS_PATH
[93m [WARNING] [0m Please specify the CUTLASS repo directory as environment variable $CUTLASS_PATH

[93m [WARNING] [0m sparse_attn requires a torch version >= 1.5 and < 2.0 but detected 2.2
[93m [WARNING] [0m using untested triton version (2.2.0), only 1.0.0 is known to be compatible
[93m [WARNING] [0m sparse_attn requires a torch version >= 1.5 and < 2.0 but detected 2.2
[93m [WARNING] [0m using untested triton version (2.2.0), only 1.0.0 is known to be compatible
[93m [WARNING] [0m sparse_attn requires a torch version >= 1.5 and < 2.0 but detected 2.2
[93m [WARNING] [0m using untested triton version (2.2.0), only 1.0.0 is known to be compatible
[93m [WARNING] [0m sparse_attn requires a torch version >= 1.5 and < 2.0 but detected 2.2
[93m [WARNING] [0m using untested triton version (2.2.0), only 1.0.0 is known to be compatible
[2025-07-12 10:17:14,651] [INFO] [comm.py:637:init_distributed] cdb=None
[2025-07-12 10:17:14,651] [INFO] [comm.py:637:init_distributed] cdb=None
[2025-07-12 10:17:14,651] [INFO] [comm.py:637:init_distributed] cdb=None
[2025-07-12 10:17:14,651] [INFO] [comm.py:637:init_distributed] cdb=None
[2025-07-12 10:17:14,651] [INFO] [comm.py:668:init_distributed] Initializing TorchBackend in DeepSpeed with backend nccl
Detected kernel version 5.4.0, which is below the recommended minimum of 5.5.0; this can cause the process to hang. It is recommended to upgrade the kernel to the minimum version or higher.
[1/3] Loading Vicuna-7B model...
[1/3] Loading Vicuna-7B model...
[1/3] Loading Vicuna-7B model...
[1/3] Loading Vicuna-7B model...
Loading checkpoint shards:   0%|          | 0/2 [00:00<?, ?it/s]Loading checkpoint shards:   0%|          | 0/2 [00:00<?, ?it/s]Loading checkpoint shards:   0%|          | 0/2 [00:00<?, ?it/s]Loading checkpoint shards:   0%|          | 0/2 [00:00<?, ?it/s]Loading checkpoint shards:  50%|█████     | 1/2 [01:10<01:10, 70.43s/it]Loading checkpoint shards:  50%|█████     | 1/2 [01:11<01:11, 71.85s/it]Loading checkpoint shards:  50%|█████     | 1/2 [01:10<01:10, 70.83s/it]Loading checkpoint shards:  50%|█████     | 1/2 [01:10<01:10, 70.41s/it]Loading checkpoint shards: 100%|██████████| 2/2 [01:34<00:00, 43.07s/it]Loading checkpoint shards: 100%|██████████| 2/2 [01:34<00:00, 47.17s/it]
/home/liuyanjiao/miniconda3/envs/traj_cuda12/lib/python3.10/site-packages/transformers/generation/configuration_utils.py:492: UserWarning: `do_sample` is set to `False`. However, `temperature` is set to `0.9` -- this flag is only used in sample-based generation modes. You should set `do_sample=True` or unset `temperature`. This was detected when initializing the generation config instance, which means the corresponding file may hold incorrect parameterization and should be fixed.
  warnings.warn(
/home/liuyanjiao/miniconda3/envs/traj_cuda12/lib/python3.10/site-packages/transformers/generation/configuration_utils.py:497: UserWarning: `do_sample` is set to `False`. However, `top_p` is set to `0.6` -- this flag is only used in sample-based generation modes. You should set `do_sample=True` or unset `top_p`. This was detected when initializing the generation config instance, which means the corresponding file may hold incorrect parameterization and should be fixed.
  warnings.warn(
/home/liuyanjiao/miniconda3/envs/traj_cuda12/lib/python3.10/site-packages/transformers/generation/configuration_utils.py:492: UserWarning: `do_sample` is set to `False`. However, `temperature` is set to `0.9` -- this flag is only used in sample-based generation modes. You should set `do_sample=True` or unset `temperature`.
  warnings.warn(
/home/liuyanjiao/miniconda3/envs/traj_cuda12/lib/python3.10/site-packages/transformers/generation/configuration_utils.py:497: UserWarning: `do_sample` is set to `False`. However, `top_p` is set to `0.6` -- this flag is only used in sample-based generation modes. You should set `do_sample=True` or unset `top_p`.
  warnings.warn(
[1/3] Model loaded | Device: cpu
[2/3] Loading vicuna-7b-v1.5 tokenizer...
Loading checkpoint shards: 100%|██████████| 2/2 [01:34<00:00, 43.12s/it]Loading checkpoint shards: 100%|██████████| 2/2 [01:34<00:00, 47.22s/it]
Loading checkpoint shards: 100%|██████████| 2/2 [01:34<00:00, 43.29s/it]Loading checkpoint shards: 100%|██████████| 2/2 [01:34<00:00, 47.42s/it]
/home/liuyanjiao/miniconda3/envs/traj_cuda12/lib/python3.10/site-packages/transformers/generation/configuration_utils.py:492: UserWarning: `do_sample` is set to `False`. However, `temperature` is set to `0.9` -- this flag is only used in sample-based generation modes. You should set `do_sample=True` or unset `temperature`. This was detected when initializing the generation config instance, which means the corresponding file may hold incorrect parameterization and should be fixed.
  warnings.warn(
/home/liuyanjiao/miniconda3/envs/traj_cuda12/lib/python3.10/site-packages/transformers/generation/configuration_utils.py:497: UserWarning: `do_sample` is set to `False`. However, `top_p` is set to `0.6` -- this flag is only used in sample-based generation modes. You should set `do_sample=True` or unset `top_p`. This was detected when initializing the generation config instance, which means the corresponding file may hold incorrect parameterization and should be fixed.
  warnings.warn(
/home/liuyanjiao/miniconda3/envs/traj_cuda12/lib/python3.10/site-packages/transformers/generation/configuration_utils.py:492: UserWarning: `do_sample` is set to `False`. However, `temperature` is set to `0.9` -- this flag is only used in sample-based generation modes. You should set `do_sample=True` or unset `temperature`.
  warnings.warn(
/home/liuyanjiao/miniconda3/envs/traj_cuda12/lib/python3.10/site-packages/transformers/generation/configuration_utils.py:497: UserWarning: `do_sample` is set to `False`. However, `top_p` is set to `0.6` -- this flag is only used in sample-based generation modes. You should set `do_sample=True` or unset `top_p`.
  warnings.warn(
[1/3] Model loaded | Device: cpu
[2/3] Loading vicuna-7b-v1.5 tokenizer...
Loading checkpoint shards: 100%|██████████| 2/2 [01:35<00:00, 43.71s/it]Loading checkpoint shards: 100%|██████████| 2/2 [01:35<00:00, 47.93s/it]
/home/liuyanjiao/miniconda3/envs/traj_cuda12/lib/python3.10/site-packages/transformers/generation/configuration_utils.py:492: UserWarning: `do_sample` is set to `False`. However, `temperature` is set to `0.9` -- this flag is only used in sample-based generation modes. You should set `do_sample=True` or unset `temperature`. This was detected when initializing the generation config instance, which means the corresponding file may hold incorrect parameterization and should be fixed.
  warnings.warn(
/home/liuyanjiao/miniconda3/envs/traj_cuda12/lib/python3.10/site-packages/transformers/generation/configuration_utils.py:497: UserWarning: `do_sample` is set to `False`. However, `top_p` is set to `0.6` -- this flag is only used in sample-based generation modes. You should set `do_sample=True` or unset `top_p`. This was detected when initializing the generation config instance, which means the corresponding file may hold incorrect parameterization and should be fixed.
  warnings.warn(
/home/liuyanjiao/miniconda3/envs/traj_cuda12/lib/python3.10/site-packages/transformers/generation/configuration_utils.py:492: UserWarning: `do_sample` is set to `False`. However, `temperature` is set to `0.9` -- this flag is only used in sample-based generation modes. You should set `do_sample=True` or unset `temperature`.
  warnings.warn(
/home/liuyanjiao/miniconda3/envs/traj_cuda12/lib/python3.10/site-packages/transformers/generation/configuration_utils.py:497: UserWarning: `do_sample` is set to `False`. However, `top_p` is set to `0.6` -- this flag is only used in sample-based generation modes. You should set `do_sample=True` or unset `top_p`.
  warnings.warn(
[1/3] Model loaded | Device: cpu
[2/3] Loading vicuna-7b-v1.5 tokenizer...
/home/liuyanjiao/miniconda3/envs/traj_cuda12/lib/python3.10/site-packages/transformers/generation/configuration_utils.py:492: UserWarning: `do_sample` is set to `False`. However, `temperature` is set to `0.9` -- this flag is only used in sample-based generation modes. You should set `do_sample=True` or unset `temperature`. This was detected when initializing the generation config instance, which means the corresponding file may hold incorrect parameterization and should be fixed.
  warnings.warn(
/home/liuyanjiao/miniconda3/envs/traj_cuda12/lib/python3.10/site-packages/transformers/generation/configuration_utils.py:497: UserWarning: `do_sample` is set to `False`. However, `top_p` is set to `0.6` -- this flag is only used in sample-based generation modes. You should set `do_sample=True` or unset `top_p`. This was detected when initializing the generation config instance, which means the corresponding file may hold incorrect parameterization and should be fixed.
  warnings.warn(
/home/liuyanjiao/miniconda3/envs/traj_cuda12/lib/python3.10/site-packages/transformers/generation/configuration_utils.py:492: UserWarning: `do_sample` is set to `False`. However, `temperature` is set to `0.9` -- this flag is only used in sample-based generation modes. You should set `do_sample=True` or unset `temperature`.
  warnings.warn(
/home/liuyanjiao/miniconda3/envs/traj_cuda12/lib/python3.10/site-packages/transformers/generation/configuration_utils.py:497: UserWarning: `do_sample` is set to `False`. However, `top_p` is set to `0.6` -- this flag is only used in sample-based generation modes. You should set `do_sample=True` or unset `top_p`.
  warnings.warn(
[1/3] Model loaded | Device: cpu
[2/3] Loading vicuna-7b-v1.5 tokenizer...
[2/3] Tokenizer loaded
[3/3] Hidden_size: 4096
[2/3] Tokenizer loaded
[3/3] Hidden_size: 4096
[2/3] Tokenizer loaded
[3/3] Hidden_size: 4096
[2/3] Tokenizer loaded
[3/3] Hidden_size: 4096
[2025-07-12 10:18:53,648] [INFO] [logging.py:96:log_dist] [Rank 0] DeepSpeed info: version=0.14.2, git-hash=unknown, git-branch=unknown
[2025-07-12 10:19:26,191] [INFO] [logging.py:96:log_dist] [Rank 0] DeepSpeed Flops Profiler Enabled: False
[2025-07-12 10:19:26,193] [INFO] [logging.py:96:log_dist] [Rank 0] Using client Optimizer as basic optimizer
[2025-07-12 10:19:26,193] [INFO] [logging.py:96:log_dist] [Rank 0] Removing param_group that has no 'params' in the basic Optimizer
[2025-07-12 10:19:26,197] [INFO] [logging.py:96:log_dist] [Rank 0] DeepSpeed Basic Optimizer = Adam
[2025-07-12 10:19:26,197] [INFO] [utils.py:56:is_zero_supported_optimizer] Checking ZeRO support for optimizer=Adam type=<class 'torch.optim.adam.Adam'>
[2025-07-12 10:19:26,197] [INFO] [logging.py:96:log_dist] [Rank 0] Creating torch.bfloat16 ZeRO stage 2 optimizer
[2025-07-12 10:19:26,197] [INFO] [stage_1_and_2.py:148:__init__] Reduce bucket size 200000000
[2025-07-12 10:19:26,197] [INFO] [stage_1_and_2.py:149:__init__] Allgather bucket size 200000000
[2025-07-12 10:19:26,197] [INFO] [stage_1_and_2.py:150:__init__] CPU Offload: False
[2025-07-12 10:19:26,197] [INFO] [stage_1_and_2.py:151:__init__] Round robin gradient partitioning: False
[2025-07-12 10:19:31,621] [INFO] [utils.py:779:see_memory_usage] Before initializing optimizer states
[2025-07-12 10:19:31,622] [INFO] [utils.py:780:see_memory_usage] MA 13.38 GB         Max_MA 13.5 GB         CA 13.51 GB         Max_CA 14 GB 
[2025-07-12 10:19:31,622] [INFO] [utils.py:787:see_memory_usage] CPU Virtual Memory:  used = 31.11 GB, percent = 6.2%
[2025-07-12 10:19:31,741] [INFO] [utils.py:779:see_memory_usage] After initializing optimizer states
[2025-07-12 10:19:31,742] [INFO] [utils.py:780:see_memory_usage] MA 13.38 GB         Max_MA 13.63 GB         CA 13.76 GB         Max_CA 14 GB 
[2025-07-12 10:19:31,742] [INFO] [utils.py:787:see_memory_usage] CPU Virtual Memory:  used = 31.11 GB, percent = 6.2%
[2025-07-12 10:19:31,742] [INFO] [stage_1_and_2.py:543:__init__] optimizer state initialized
[2025-07-12 10:19:31,857] [INFO] [utils.py:779:see_memory_usage] After initializing ZeRO optimizer
[2025-07-12 10:19:31,857] [INFO] [utils.py:780:see_memory_usage] MA 13.38 GB         Max_MA 13.38 GB         CA 13.76 GB         Max_CA 14 GB 
[2025-07-12 10:19:31,858] [INFO] [utils.py:787:see_memory_usage] CPU Virtual Memory:  used = 31.11 GB, percent = 6.2%
[2025-07-12 10:19:31,859] [INFO] [logging.py:96:log_dist] [Rank 0] DeepSpeed Final Optimizer = Adam
[2025-07-12 10:19:31,859] [INFO] [logging.py:96:log_dist] [Rank 0] DeepSpeed using client LR scheduler
[2025-07-12 10:19:31,859] [INFO] [logging.py:96:log_dist] [Rank 0] DeepSpeed LR Scheduler = None
[2025-07-12 10:19:31,859] [INFO] [logging.py:96:log_dist] [Rank 0] step=0, skipped=0, lr=[5e-05], mom=[(0.9, 0.999)]
[2025-07-12 10:19:31,860] [INFO] [config.py:996:print] DeepSpeedEngine configuration:
[2025-07-12 10:19:31,860] [INFO] [config.py:1000:print]   activation_checkpointing_config  {
    "partition_activations": false, 
    "contiguous_memory_optimization": false, 
    "cpu_checkpointing": false, 
    "number_checkpoints": null, 
    "synchronize_checkpoint_boundary": false, 
    "profile": false
}
[2025-07-12 10:19:31,860] [INFO] [config.py:1000:print]   aio_config ................... {'block_size': 1048576, 'queue_depth': 8, 'thread_count': 1, 'single_submit': False, 'overlap_events': True}
[2025-07-12 10:19:31,860] [INFO] [config.py:1000:print]   amp_enabled .................. False
[2025-07-12 10:19:31,860] [INFO] [config.py:1000:print]   amp_params ................... False
[2025-07-12 10:19:31,860] [INFO] [config.py:1000:print]   autotuning_config ............ {
    "enabled": false, 
    "start_step": null, 
    "end_step": null, 
    "metric_path": null, 
    "arg_mappings": null, 
    "metric": "throughput", 
    "model_info": null, 
    "results_dir": "autotuning_results", 
    "exps_dir": "autotuning_exps", 
    "overwrite": true, 
    "fast": true, 
    "start_profile_step": 3, 
    "end_profile_step": 5, 
    "tuner_type": "gridsearch", 
    "tuner_early_stopping": 5, 
    "tuner_num_trials": 50, 
    "model_info_path": null, 
    "mp_size": 1, 
    "max_train_batch_size": null, 
    "min_train_batch_size": 1, 
    "max_train_micro_batch_size_per_gpu": 1.024000e+03, 
    "min_train_micro_batch_size_per_gpu": 1, 
    "num_tuning_micro_batch_sizes": 3
}
[2025-07-12 10:19:31,860] [INFO] [config.py:1000:print]   bfloat16_enabled ............. True
[2025-07-12 10:19:31,860] [INFO] [config.py:1000:print]   bfloat16_immediate_grad_update  False
[2025-07-12 10:19:31,860] [INFO] [config.py:1000:print]   checkpoint_parallel_write_pipeline  False
[2025-07-12 10:19:31,860] [INFO] [config.py:1000:print]   checkpoint_tag_validation_enabled  True
[2025-07-12 10:19:31,860] [INFO] [config.py:1000:print]   checkpoint_tag_validation_fail  False
[2025-07-12 10:19:31,861] [INFO] [config.py:1000:print]   comms_config ................. <deepspeed.comm.config.DeepSpeedCommsConfig object at 0x7f7569704a00>
[2025-07-12 10:19:31,861] [INFO] [config.py:1000:print]   communication_data_type ...... None
[2025-07-12 10:19:31,861] [INFO] [config.py:1000:print]   compile_config ............... enabled=False backend='inductor' kwargs={}
[2025-07-12 10:19:31,861] [INFO] [config.py:1000:print]   compression_config ........... {'weight_quantization': {'shared_parameters': {'enabled': False, 'quantizer_kernel': False, 'schedule_offset': 0, 'quantize_groups': 1, 'quantize_verbose': False, 'quantization_type': 'symmetric', 'quantize_weight_in_forward': False, 'rounding': 'nearest', 'fp16_mixed_quantize': False, 'quantize_change_ratio': 0.001}, 'different_groups': {}}, 'activation_quantization': {'shared_parameters': {'enabled': False, 'quantization_type': 'symmetric', 'range_calibration': 'dynamic', 'schedule_offset': 1000}, 'different_groups': {}}, 'sparse_pruning': {'shared_parameters': {'enabled': False, 'method': 'l1', 'schedule_offset': 1000}, 'different_groups': {}}, 'row_pruning': {'shared_parameters': {'enabled': False, 'method': 'l1', 'schedule_offset': 1000}, 'different_groups': {}}, 'head_pruning': {'shared_parameters': {'enabled': False, 'method': 'topk', 'schedule_offset': 1000}, 'different_groups': {}}, 'channel_pruning': {'shared_parameters': {'enabled': False, 'method': 'l1', 'schedule_offset': 1000}, 'different_groups': {}}, 'layer_reduction': {'enabled': False}}
[2025-07-12 10:19:31,861] [INFO] [config.py:1000:print]   curriculum_enabled_legacy .... False
[2025-07-12 10:19:31,861] [INFO] [config.py:1000:print]   curriculum_params_legacy ..... False
[2025-07-12 10:19:31,861] [INFO] [config.py:1000:print]   data_efficiency_config ....... {'enabled': False, 'seed': 1234, 'data_sampling': {'enabled': False, 'num_epochs': 1000, 'num_workers': 0, 'curriculum_learning': {'enabled': False}}, 'data_routing': {'enabled': False, 'random_ltd': {'enabled': False, 'layer_token_lr_schedule': {'enabled': False}}}}
[2025-07-12 10:19:31,861] [INFO] [config.py:1000:print]   data_efficiency_enabled ...... False
[2025-07-12 10:19:31,861] [INFO] [config.py:1000:print]   dataloader_drop_last ......... False
[2025-07-12 10:19:31,861] [INFO] [config.py:1000:print]   disable_allgather ............ False
[2025-07-12 10:19:31,861] [INFO] [config.py:1000:print]   dump_state ................... False
[2025-07-12 10:19:31,861] [INFO] [config.py:1000:print]   dynamic_loss_scale_args ...... None
[2025-07-12 10:19:31,861] [INFO] [config.py:1000:print]   eigenvalue_enabled ........... False
[2025-07-12 10:19:31,861] [INFO] [config.py:1000:print]   eigenvalue_gas_boundary_resolution  1
[2025-07-12 10:19:31,861] [INFO] [config.py:1000:print]   eigenvalue_layer_name ........ bert.encoder.layer
[2025-07-12 10:19:31,861] [INFO] [config.py:1000:print]   eigenvalue_layer_num ......... 0
[2025-07-12 10:19:31,861] [INFO] [config.py:1000:print]   eigenvalue_max_iter .......... 100
[2025-07-12 10:19:31,861] [INFO] [config.py:1000:print]   eigenvalue_stability ......... 1e-06
[2025-07-12 10:19:31,861] [INFO] [config.py:1000:print]   eigenvalue_tol ............... 0.01
[2025-07-12 10:19:31,861] [INFO] [config.py:1000:print]   eigenvalue_verbose ........... False
[2025-07-12 10:19:31,861] [INFO] [config.py:1000:print]   elasticity_enabled ........... False
[2025-07-12 10:19:31,861] [INFO] [config.py:1000:print]   flops_profiler_config ........ {
    "enabled": false, 
    "recompute_fwd_factor": 0.0, 
    "profile_step": 1, 
    "module_depth": -1, 
    "top_modules": 1, 
    "detailed": true, 
    "output_file": null
}
[2025-07-12 10:19:31,861] [INFO] [config.py:1000:print]   fp16_auto_cast ............... None
[2025-07-12 10:19:31,861] [INFO] [config.py:1000:print]   fp16_enabled ................. False
[2025-07-12 10:19:31,861] [INFO] [config.py:1000:print]   fp16_master_weights_and_gradients  False
[2025-07-12 10:19:31,861] [INFO] [config.py:1000:print]   global_rank .................. 0
[2025-07-12 10:19:31,861] [INFO] [config.py:1000:print]   grad_accum_dtype ............. None
[2025-07-12 10:19:31,861] [INFO] [config.py:1000:print]   gradient_accumulation_steps .. 2
[2025-07-12 10:19:31,861] [INFO] [config.py:1000:print]   gradient_clipping ............ 1.0
[2025-07-12 10:19:31,861] [INFO] [config.py:1000:print]   gradient_predivide_factor .... 1.0
[2025-07-12 10:19:31,861] [INFO] [config.py:1000:print]   graph_harvesting ............. False
[2025-07-12 10:19:31,861] [INFO] [config.py:1000:print]   hybrid_engine ................ enabled=False max_out_tokens=512 inference_tp_size=1 release_inference_cache=False pin_parameters=True tp_gather_partition_size=8
[2025-07-12 10:19:31,861] [INFO] [config.py:1000:print]   initial_dynamic_scale ........ 1
[2025-07-12 10:19:31,861] [INFO] [config.py:1000:print]   load_universal_checkpoint .... False
[2025-07-12 10:19:31,861] [INFO] [config.py:1000:print]   loss_scale ................... 1.0
[2025-07-12 10:19:31,861] [INFO] [config.py:1000:print]   memory_breakdown ............. False
[2025-07-12 10:19:31,861] [INFO] [config.py:1000:print]   mics_hierarchial_params_gather  False
[2025-07-12 10:19:31,861] [INFO] [config.py:1000:print]   mics_shard_size .............. -1
[2025-07-12 10:19:31,861] [INFO] [config.py:1000:print]   monitor_config ............... tensorboard=TensorBoardConfig(enabled=False, output_path='', job_name='DeepSpeedJobName') wandb=WandbConfig(enabled=False, group=None, team=None, project='deepspeed') csv_monitor=CSVConfig(enabled=False, output_path='', job_name='DeepSpeedJobName') enabled=False
[2025-07-12 10:19:31,861] [INFO] [config.py:1000:print]   nebula_config ................ {
    "enabled": false, 
    "persistent_storage_path": null, 
    "persistent_time_interval": 100, 
    "num_of_version_in_retention": 2, 
    "enable_nebula_load": true, 
    "load_path": null
}
[2025-07-12 10:19:31,861] [INFO] [config.py:1000:print]   optimizer_legacy_fusion ...... False
[2025-07-12 10:19:31,861] [INFO] [config.py:1000:print]   optimizer_name ............... None
[2025-07-12 10:19:31,861] [INFO] [config.py:1000:print]   optimizer_params ............. None
[2025-07-12 10:19:31,862] [INFO] [config.py:1000:print]   pipeline ..................... {'stages': 'auto', 'partition': 'best', 'seed_layers': False, 'activation_checkpoint_interval': 0, 'pipe_partitioned': True, 'grad_partitioned': True}
[2025-07-12 10:19:31,862] [INFO] [config.py:1000:print]   pld_enabled .................. False
[2025-07-12 10:19:31,862] [INFO] [config.py:1000:print]   pld_params ................... False
[2025-07-12 10:19:31,862] [INFO] [config.py:1000:print]   prescale_gradients ........... False
[2025-07-12 10:19:31,862] [INFO] [config.py:1000:print]   scheduler_name ............... None
[2025-07-12 10:19:31,862] [INFO] [config.py:1000:print]   scheduler_params ............. None
[2025-07-12 10:19:31,862] [INFO] [config.py:1000:print]   seq_parallel_communication_data_type  torch.float32
[2025-07-12 10:19:31,862] [INFO] [config.py:1000:print]   sparse_attention ............. None
[2025-07-12 10:19:31,862] [INFO] [config.py:1000:print]   sparse_gradients_enabled ..... False
[2025-07-12 10:19:31,862] [INFO] [config.py:1000:print]   steps_per_print .............. inf
[2025-07-12 10:19:31,862] [INFO] [config.py:1000:print]   train_batch_size ............. 128
[2025-07-12 10:19:31,862] [INFO] [config.py:1000:print]   train_micro_batch_size_per_gpu  16
[2025-07-12 10:19:31,862] [INFO] [config.py:1000:print]   use_data_before_expert_parallel_  False
[2025-07-12 10:19:31,862] [INFO] [config.py:1000:print]   use_node_local_storage ....... False
[2025-07-12 10:19:31,862] [INFO] [config.py:1000:print]   wall_clock_breakdown ......... False
[2025-07-12 10:19:31,862] [INFO] [config.py:1000:print]   weight_quantization_config ... None
[2025-07-12 10:19:31,862] [INFO] [config.py:1000:print]   world_size ................... 4
[2025-07-12 10:19:31,862] [INFO] [config.py:1000:print]   zero_allow_untested_optimizer  True
[2025-07-12 10:19:31,862] [INFO] [config.py:1000:print]   zero_config .................. stage=2 contiguous_gradients=True reduce_scatter=True reduce_bucket_size=200000000 use_multi_rank_bucket_allreduce=True allgather_partitions=True allgather_bucket_size=200000000 overlap_comm=True load_from_fp32_weights=True elastic_checkpoint=False offload_param=None offload_optimizer=DeepSpeedZeroOffloadOptimizerConfig(device='none', nvme_path=None, buffer_count=4, pin_memory=False, pipeline=False, pipeline_read=False, pipeline_write=False, fast_init=False, ratio=1.0) sub_group_size=1,000,000,000 cpu_offload_param=None cpu_offload_use_pin_memory=None cpu_offload=None prefetch_bucket_size=50,000,000 param_persistence_threshold=100,000 model_persistence_threshold=sys.maxsize max_live_parameters=1,000,000,000 max_reuse_distance=1,000,000,000 gather_16bit_weights_on_model_save=False stage3_gather_fp16_weights_on_model_save=False ignore_unused_parameters=True legacy_stage1=False round_robin_gradients=False zero_hpz_partition_size=1 zero_quantized_weights=False zero_quantized_nontrainable_weights=False zero_quantized_gradients=False mics_shard_size=-1 mics_hierarchical_params_gather=False memory_efficient_linear=True pipeline_loading_checkpoint=False override_module_apply=True
[2025-07-12 10:19:31,862] [INFO] [config.py:1000:print]   zero_enabled ................. True
[2025-07-12 10:19:31,862] [INFO] [config.py:1000:print]   zero_force_ds_cpu_optimizer .. True
[2025-07-12 10:19:31,862] [INFO] [config.py:1000:print]   zero_optimization_stage ...... 2
[2025-07-12 10:19:31,862] [INFO] [config.py:986:print_user_config]   json = {
    "train_micro_batch_size_per_gpu": 16, 
    "gradient_accumulation_steps": 2, 
    "bf16": {
        "enabled": true
    }, 
    "gradient_clipping": 1.0, 
    "zero_optimization": {
        "stage": 2, 
        "offload_optimizer": {
            "device": "none"
        }, 
        "contiguous_gradients": true, 
        "overlap_comm": true, 
        "reduce_scatter": true, 
        "reduce_bucket_size": 2.000000e+08, 
        "allgather_partitions": true, 
        "allgather_bucket_size": 2.000000e+08
    }, 
    "zero_allow_untested_optimizer": true, 
    "nccl": {
        "timeout": 1.800000e+03
    }, 
    "steps_per_print": inf, 
    "fp16": {
        "enabled": false
    }
}
epoch 1 iter 100 loss 154.8836 | batch_size 24 | samples 2400/21240 | elapsed 162.2s
epoch 1 iter 200 loss 146.9808 | batch_size 24 | samples 4800/21240 | elapsed 315.9s
epoch 1 iter 300 loss 164.7597 | batch_size 24 | samples 7200/21240 | elapsed 471.9s
epoch 1 iter 400 loss 122.2424 | batch_size 24 | samples 9600/21240 | elapsed 628.3s
epoch 1 iter 500 loss 67.5978 | batch_size 24 | samples 12000/21240 | elapsed 788.1s
epoch 1 iter 600 loss 30.9426 | batch_size 24 | samples 14400/21240 | elapsed 947.9s
epoch 1 iter 700 loss 24.5671 | batch_size 24 | samples 16800/21240 | elapsed 1107.3s
epoch 1 iter 800 loss 42.4524 | batch_size 24 | samples 19200/21240 | elapsed 1267.6s
[Epoch 1] New best val_loss=32.2486, saved to best_model.pth
[2025-07-12T10:45:48.382888] epoch 1 train_loss 104.5378 val_loss 32.2486 elapsed 1576.5s
Validation loss decreased (inf --> 32.248622).  Saving model ...
epoch 2 iter 100 loss 90.6802 | batch_size 24 | samples 2400/21240 | elapsed 1805.5s
epoch 2 iter 200 loss 32.2687 | batch_size 24 | samples 4800/21240 | elapsed 1964.7s
epoch 2 iter 300 loss 43.8101 | batch_size 24 | samples 7200/21240 | elapsed 2124.2s
epoch 2 iter 400 loss 46.0714 | batch_size 24 | samples 9600/21240 | elapsed 2285.0s
epoch 2 iter 500 loss 36.6752 | batch_size 24 | samples 12000/21240 | elapsed 2443.9s
epoch 2 iter 600 loss 47.1415 | batch_size 24 | samples 14400/21240 | elapsed 2602.9s
epoch 2 iter 700 loss 27.3784 | batch_size 24 | samples 16800/21240 | elapsed 2762.3s
epoch 2 iter 800 loss 49.4218 | batch_size 24 | samples 19200/21240 | elapsed 2922.9s
[Epoch 2] New best val_loss=22.6347, saved to best_model.pth
[2025-07-12T11:13:21.259065] epoch 2 train_loss 40.4029 val_loss 22.6347 elapsed 1587.0s
Validation loss decreased (32.248622 --> 22.634721).  Saving model ...
epoch 3 iter 100 loss 55.5786 | batch_size 24 | samples 2400/21240 | elapsed 3453.2s
epoch 3 iter 200 loss 22.1939 | batch_size 24 | samples 4800/21240 | elapsed 3613.0s
epoch 3 iter 300 loss 12.7918 | batch_size 24 | samples 7200/21240 | elapsed 3773.4s
epoch 3 iter 400 loss 17.6929 | batch_size 24 | samples 9600/21240 | elapsed 3932.5s
epoch 3 iter 500 loss 19.5796 | batch_size 24 | samples 12000/21240 | elapsed 4092.3s
epoch 3 iter 600 loss 23.6929 | batch_size 24 | samples 14400/21240 | elapsed 4251.3s
epoch 3 iter 700 loss 64.7617 | batch_size 24 | samples 16800/21240 | elapsed 4409.6s
epoch 3 iter 800 loss 29.5401 | batch_size 24 | samples 19200/21240 | elapsed 4567.2s
[Epoch 3] New best val_loss=19.9105, saved to best_model.pth
[2025-07-12T11:40:46.369461] epoch 3 train_loss 35.5603 val_loss 19.9105 elapsed 1584.2s
Validation loss decreased (22.634721 --> 19.910496).  Saving model ...
epoch 4 iter 100 loss 36.3338 | batch_size 24 | samples 2400/21240 | elapsed 5103.1s
epoch 4 iter 200 loss 52.8379 | batch_size 24 | samples 4800/21240 | elapsed 5263.2s
epoch 4 iter 300 loss 39.5875 | batch_size 24 | samples 7200/21240 | elapsed 5423.5s
epoch 4 iter 400 loss 22.7532 | batch_size 24 | samples 9600/21240 | elapsed 5582.2s
epoch 4 iter 500 loss 17.0839 | batch_size 24 | samples 12000/21240 | elapsed 5739.8s
epoch 4 iter 600 loss 52.9469 | batch_size 24 | samples 14400/21240 | elapsed 5896.6s
epoch 4 iter 700 loss 46.3500 | batch_size 24 | samples 16800/21240 | elapsed 6053.6s
epoch 4 iter 800 loss 39.2270 | batch_size 24 | samples 19200/21240 | elapsed 6210.6s
[Epoch 4] New best val_loss=16.9035, saved to best_model.pth
[2025-07-12T12:08:05.328186] epoch 4 train_loss 34.8545 val_loss 16.9035 elapsed 1577.1s
Validation loss decreased (19.910496 --> 16.903451).  Saving model ...
epoch 5 iter 100 loss 30.4028 | batch_size 24 | samples 2400/21240 | elapsed 6738.0s
epoch 5 iter 200 loss 38.9219 | batch_size 24 | samples 4800/21240 | elapsed 6897.2s
epoch 5 iter 300 loss 21.3995 | batch_size 24 | samples 7200/21240 | elapsed 7056.2s
epoch 5 iter 400 loss 23.4596 | batch_size 24 | samples 9600/21240 | elapsed 7213.3s
epoch 5 iter 500 loss 21.2272 | batch_size 24 | samples 12000/21240 | elapsed 7372.2s
epoch 5 iter 600 loss 29.4521 | batch_size 24 | samples 14400/21240 | elapsed 7531.4s
epoch 5 iter 700 loss 40.3263 | batch_size 24 | samples 16800/21240 | elapsed 7689.6s
epoch 5 iter 800 loss 26.8037 | batch_size 24 | samples 19200/21240 | elapsed 7847.8s
[Epoch 5] New best val_loss=15.3485, saved to best_model.pth
[2025-07-12T12:35:27.748310] epoch 5 train_loss 32.4869 val_loss 15.3485 elapsed 1581.3s
Validation loss decreased (16.903451 --> 15.348497).  Saving model ...
epoch 6 iter 100 loss 31.7917 | batch_size 24 | samples 2400/21240 | elapsed 8382.3s
epoch 6 iter 200 loss 55.9763 | batch_size 24 | samples 4800/21240 | elapsed 8542.0s
epoch 6 iter 300 loss 36.6169 | batch_size 24 | samples 7200/21240 | elapsed 8701.6s
epoch 6 iter 400 loss 39.8848 | batch_size 24 | samples 9600/21240 | elapsed 8860.8s
epoch 6 iter 500 loss 29.4255 | batch_size 24 | samples 12000/21240 | elapsed 9020.0s
epoch 6 iter 600 loss 42.4356 | batch_size 24 | samples 14400/21240 | elapsed 9177.9s
epoch 6 iter 700 loss 30.5979 | batch_size 24 | samples 16800/21240 | elapsed 9335.6s
epoch 6 iter 800 loss 50.1330 | batch_size 24 | samples 19200/21240 | elapsed 9492.9s
[Epoch 6] New best val_loss=14.1031, saved to best_model.pth
[2025-07-12T13:02:51.055716] epoch 6 train_loss 30.1363 val_loss 14.1031 elapsed 1581.3s
Validation loss decreased (15.348497 --> 14.103084).  Saving model ...
epoch 7 iter 100 loss 27.7300 | batch_size 24 | samples 2400/21240 | elapsed 10025.1s
epoch 7 iter 200 loss 49.8369 | batch_size 24 | samples 4800/21240 | elapsed 10185.7s
epoch 7 iter 300 loss 39.5742 | batch_size 24 | samples 7200/21240 | elapsed 10345.2s
epoch 7 iter 400 loss 22.6906 | batch_size 24 | samples 9600/21240 | elapsed 10507.5s
epoch 7 iter 500 loss 21.0313 | batch_size 24 | samples 12000/21240 | elapsed 10668.2s
epoch 7 iter 600 loss 11.7704 | batch_size 24 | samples 14400/21240 | elapsed 10825.8s
epoch 7 iter 700 loss 48.8933 | batch_size 24 | samples 16800/21240 | elapsed 10984.3s
epoch 7 iter 800 loss 22.6936 | batch_size 24 | samples 19200/21240 | elapsed 11141.0s
[2025-07-12T13:29:57.606186] epoch 7 train_loss 29.4827 val_loss 14.4865 elapsed 1565.6s
EarlyStopping counter: 1 out of 5
epoch 8 iter 100 loss 21.3423 | batch_size 24 | samples 2400/21240 | elapsed 11634.2s
epoch 8 iter 200 loss 27.4618 | batch_size 24 | samples 4800/21240 | elapsed 11793.2s
epoch 8 iter 300 loss 30.7339 | batch_size 24 | samples 7200/21240 | elapsed 11951.7s
epoch 8 iter 400 loss 13.9413 | batch_size 24 | samples 9600/21240 | elapsed 12112.3s
epoch 8 iter 500 loss 67.9508 | batch_size 24 | samples 12000/21240 | elapsed 12271.5s
epoch 8 iter 600 loss 19.5345 | batch_size 24 | samples 14400/21240 | elapsed 12429.9s
epoch 8 iter 700 loss 17.9857 | batch_size 24 | samples 16800/21240 | elapsed 12588.1s
epoch 8 iter 800 loss 29.9788 | batch_size 24 | samples 19200/21240 | elapsed 12746.6s
[Epoch 8] New best val_loss=13.3878, saved to best_model.pth
[2025-07-12T13:57:05.436743] epoch 8 train_loss 28.8234 val_loss 13.3878 elapsed 1585.1s
Validation loss decreased (14.103084 --> 13.387798).  Saving model ...
epoch 9 iter 100 loss 26.4146 | batch_size 24 | samples 2400/21240 | elapsed 13277.8s
epoch 9 iter 200 loss 31.2937 | batch_size 24 | samples 4800/21240 | elapsed 13437.0s
epoch 9 iter 300 loss 43.6828 | batch_size 24 | samples 7200/21240 | elapsed 13594.9s
epoch 9 iter 400 loss 24.7366 | batch_size 24 | samples 9600/21240 | elapsed 13752.7s
epoch 9 iter 500 loss 18.0970 | batch_size 24 | samples 12000/21240 | elapsed 13913.4s
epoch 9 iter 600 loss 37.1569 | batch_size 24 | samples 14400/21240 | elapsed 14073.8s
epoch 9 iter 700 loss 44.7680 | batch_size 24 | samples 16800/21240 | elapsed 14231.3s
epoch 9 iter 800 loss 27.0695 | batch_size 24 | samples 19200/21240 | elapsed 14387.5s
[2025-07-12T14:24:06.236641] epoch 9 train_loss 30.1037 val_loss 13.5462 elapsed 1559.0s
EarlyStopping counter: 1 out of 5
epoch 10 iter 100 loss 48.4902 | batch_size 24 | samples 2400/21240 | elapsed 14876.8s
epoch 10 iter 200 loss 43.7665 | batch_size 24 | samples 4800/21240 | elapsed 15034.5s
epoch 10 iter 300 loss 41.9946 | batch_size 24 | samples 7200/21240 | elapsed 15191.3s
epoch 10 iter 400 loss 26.0063 | batch_size 24 | samples 9600/21240 | elapsed 15348.5s
epoch 10 iter 500 loss 25.9083 | batch_size 24 | samples 12000/21240 | elapsed 15506.3s
epoch 10 iter 600 loss 41.5153 | batch_size 24 | samples 14400/21240 | elapsed 15664.7s
epoch 10 iter 700 loss 28.2321 | batch_size 24 | samples 16800/21240 | elapsed 15822.7s
epoch 10 iter 800 loss 31.4583 | batch_size 24 | samples 19200/21240 | elapsed 15979.4s
[2025-07-12T14:50:31.111088] epoch 10 train_loss 29.4084 val_loss 13.4556 elapsed 1543.6s
EarlyStopping counter: 2 out of 5
epoch 11 iter 100 loss 21.5806 | batch_size 24 | samples 2400/21240 | elapsed 16466.2s
epoch 11 iter 200 loss 22.5106 | batch_size 24 | samples 4800/21240 | elapsed 16622.9s
epoch 11 iter 300 loss 28.8255 | batch_size 24 | samples 7200/21240 | elapsed 16779.2s
epoch 11 iter 400 loss 31.6809 | batch_size 24 | samples 9600/21240 | elapsed 16937.1s
epoch 11 iter 500 loss 19.6605 | batch_size 24 | samples 12000/21240 | elapsed 17098.0s
epoch 11 iter 600 loss 30.3385 | batch_size 24 | samples 14400/21240 | elapsed 17256.0s
epoch 11 iter 700 loss 23.5462 | batch_size 24 | samples 16800/21240 | elapsed 17412.9s
epoch 11 iter 800 loss 45.4510 | batch_size 24 | samples 19200/21240 | elapsed 17569.8s
[Epoch 11] New best val_loss=11.2018, saved to best_model.pth
[2025-07-12T15:17:32.882575] epoch 11 train_loss 28.8853 val_loss 11.2018 elapsed 1577.4s
Validation loss decreased (13.387798 --> 11.201797).  Saving model ...
epoch 12 iter 100 loss 19.0497 | batch_size 24 | samples 2400/21240 | elapsed 18108.9s
epoch 12 iter 200 loss 47.0674 | batch_size 24 | samples 4800/21240 | elapsed 18267.1s
epoch 12 iter 300 loss 17.1626 | batch_size 24 | samples 7200/21240 | elapsed 18426.2s
epoch 12 iter 400 loss 31.0395 | batch_size 24 | samples 9600/21240 | elapsed 18584.2s
epoch 12 iter 500 loss 29.6084 | batch_size 24 | samples 12000/21240 | elapsed 18743.6s
epoch 12 iter 600 loss 26.4801 | batch_size 24 | samples 14400/21240 | elapsed 18902.2s
epoch 12 iter 700 loss 35.2181 | batch_size 24 | samples 16800/21240 | elapsed 19059.1s
epoch 12 iter 800 loss 28.0079 | batch_size 24 | samples 19200/21240 | elapsed 19215.6s
[2025-07-12T15:44:31.281301] epoch 12 train_loss 28.3580 val_loss 11.2685 elapsed 1556.7s
EarlyStopping counter: 1 out of 5
epoch 13 iter 100 loss 42.3708 | batch_size 24 | samples 2400/21240 | elapsed 19706.7s
epoch 13 iter 200 loss 27.3891 | batch_size 24 | samples 4800/21240 | elapsed 19864.1s
epoch 13 iter 300 loss 24.8960 | batch_size 24 | samples 7200/21240 | elapsed 20020.9s
epoch 13 iter 400 loss 66.7264 | batch_size 24 | samples 9600/21240 | elapsed 20180.3s
epoch 13 iter 500 loss 49.2882 | batch_size 24 | samples 12000/21240 | elapsed 20339.6s
epoch 13 iter 600 loss 53.4275 | batch_size 24 | samples 14400/21240 | elapsed 20497.5s
epoch 13 iter 700 loss 26.0938 | batch_size 24 | samples 16800/21240 | elapsed 20655.4s
epoch 13 iter 800 loss 17.5269 | batch_size 24 | samples 19200/21240 | elapsed 20814.2s
[Epoch 13] New best val_loss=10.6749, saved to best_model.pth
[2025-07-12T16:11:32.242168] epoch 13 train_loss 28.1313 val_loss 10.6749 elapsed 1576.9s
Validation loss decreased (11.201797 --> 10.674853).  Saving model ...
epoch 14 iter 100 loss 27.8174 | batch_size 24 | samples 2400/21240 | elapsed 21345.5s
epoch 14 iter 200 loss 35.3884 | batch_size 24 | samples 4800/21240 | elapsed 21504.6s
epoch 14 iter 300 loss 45.9196 | batch_size 24 | samples 7200/21240 | elapsed 21664.7s
epoch 14 iter 400 loss 23.7198 | batch_size 24 | samples 9600/21240 | elapsed 21822.5s
epoch 14 iter 500 loss 42.8885 | batch_size 24 | samples 12000/21240 | elapsed 21981.8s
epoch 14 iter 600 loss 22.9005 | batch_size 24 | samples 14400/21240 | elapsed 22140.1s
epoch 14 iter 700 loss 21.3389 | batch_size 24 | samples 16800/21240 | elapsed 22297.9s
epoch 14 iter 800 loss 44.8406 | batch_size 24 | samples 19200/21240 | elapsed 22456.8s
[Epoch 14] New best val_loss=10.0291, saved to best_model.pth
[2025-07-12T16:38:58.285594] epoch 14 train_loss 26.8775 val_loss 10.0291 elapsed 1583.5s
Validation loss decreased (10.674853 --> 10.029133).  Saving model ...
epoch 15 iter 100 loss 22.8983 | batch_size 24 | samples 2400/21240 | elapsed 22992.2s
epoch 15 iter 200 loss 33.9187 | batch_size 24 | samples 4800/21240 | elapsed 23151.2s
epoch 15 iter 300 loss 29.0665 | batch_size 24 | samples 7200/21240 | elapsed 23309.3s
epoch 15 iter 400 loss 27.2184 | batch_size 24 | samples 9600/21240 | elapsed 23467.9s
epoch 15 iter 500 loss 22.5062 | batch_size 24 | samples 12000/21240 | elapsed 23626.1s
epoch 15 iter 600 loss 24.1472 | batch_size 24 | samples 14400/21240 | elapsed 23784.7s
epoch 15 iter 700 loss 21.3966 | batch_size 24 | samples 16800/21240 | elapsed 23943.0s
epoch 15 iter 800 loss 34.2325 | batch_size 24 | samples 19200/21240 | elapsed 24100.1s
[Epoch 15] New best val_loss=9.1657, saved to best_model.pth
[2025-07-12T17:06:17.662118] epoch 15 train_loss 26.1294 val_loss 9.1657 elapsed 1577.8s
Validation loss decreased (10.029133 --> 9.165719).  Saving model ...
epoch 16 iter 100 loss 51.8166 | batch_size 24 | samples 2400/21240 | elapsed 24630.7s
epoch 16 iter 200 loss 35.4659 | batch_size 24 | samples 4800/21240 | elapsed 24788.7s
epoch 16 iter 300 loss 39.9763 | batch_size 24 | samples 7200/21240 | elapsed 24947.0s
epoch 16 iter 400 loss 34.5870 | batch_size 24 | samples 9600/21240 | elapsed 25106.3s
epoch 16 iter 500 loss 21.4986 | batch_size 24 | samples 12000/21240 | elapsed 25263.5s
epoch 16 iter 600 loss 19.3773 | batch_size 24 | samples 14400/21240 | elapsed 25420.2s
epoch 16 iter 700 loss 13.4701 | batch_size 24 | samples 16800/21240 | elapsed 25577.1s
epoch 16 iter 800 loss 12.7523 | batch_size 24 | samples 19200/21240 | elapsed 25733.2s
[Epoch 16] New best val_loss=8.7618, saved to best_model.pth
[2025-07-12T17:33:30.454161] epoch 16 train_loss 25.4296 val_loss 8.7618 elapsed 1570.7s
Validation loss decreased (9.165719 --> 8.761783).  Saving model ...
epoch 17 iter 100 loss 30.6442 | batch_size 24 | samples 2400/21240 | elapsed 26262.7s
epoch 17 iter 200 loss 15.5871 | batch_size 24 | samples 4800/21240 | elapsed 26421.4s
epoch 17 iter 300 loss 14.6564 | batch_size 24 | samples 7200/21240 | elapsed 26579.8s
epoch 17 iter 400 loss 38.0290 | batch_size 24 | samples 9600/21240 | elapsed 26736.4s
epoch 17 iter 500 loss 31.8403 | batch_size 24 | samples 12000/21240 | elapsed 26894.6s
epoch 17 iter 600 loss 41.6307 | batch_size 24 | samples 14400/21240 | elapsed 27051.3s
epoch 17 iter 700 loss 25.7041 | batch_size 24 | samples 16800/21240 | elapsed 27208.7s
epoch 17 iter 800 loss 28.0206 | batch_size 24 | samples 19200/21240 | elapsed 27366.9s
[2025-07-12T18:00:24.447347] epoch 17 train_loss 25.0345 val_loss 9.1148 elapsed 1553.2s
EarlyStopping counter: 1 out of 5
epoch 18 iter 100 loss 25.2889 | batch_size 24 | samples 2400/21240 | elapsed 27858.1s
epoch 18 iter 200 loss 34.2360 | batch_size 24 | samples 4800/21240 | elapsed 28017.9s
epoch 18 iter 300 loss 29.8907 | batch_size 24 | samples 7200/21240 | elapsed 28178.1s
epoch 18 iter 400 loss 23.5666 | batch_size 24 | samples 9600/21240 | elapsed 28337.2s
epoch 18 iter 500 loss 13.8210 | batch_size 24 | samples 12000/21240 | elapsed 28496.2s
epoch 18 iter 600 loss 24.0848 | batch_size 24 | samples 14400/21240 | elapsed 28654.5s
epoch 18 iter 700 loss 30.0980 | batch_size 24 | samples 16800/21240 | elapsed 28812.1s
epoch 18 iter 800 loss 26.0983 | batch_size 24 | samples 19200/21240 | elapsed 28969.2s
[Epoch 18] New best val_loss=8.4771, saved to best_model.pth
[2025-07-12T18:27:29.211925] epoch 18 train_loss 25.0605 val_loss 8.4771 elapsed 1583.3s
Validation loss decreased (8.761783 --> 8.477082).  Saving model ...
epoch 19 iter 100 loss 21.9516 | batch_size 24 | samples 2400/21240 | elapsed 29502.2s
epoch 19 iter 200 loss 24.8882 | batch_size 24 | samples 4800/21240 | elapsed 29660.8s
epoch 19 iter 300 loss 29.4414 | batch_size 24 | samples 7200/21240 | elapsed 29821.0s
epoch 19 iter 400 loss 20.0188 | batch_size 24 | samples 9600/21240 | elapsed 29980.0s
epoch 19 iter 500 loss 16.2336 | batch_size 24 | samples 12000/21240 | elapsed 30138.4s
epoch 19 iter 600 loss 5.8720 | batch_size 24 | samples 14400/21240 | elapsed 30295.5s
epoch 19 iter 700 loss 49.0759 | batch_size 24 | samples 16800/21240 | elapsed 30452.1s
epoch 19 iter 800 loss 30.2188 | batch_size 24 | samples 19200/21240 | elapsed 30607.4s
[2025-07-12T18:54:24.799203] epoch 19 train_loss 26.8923 val_loss 13.4569 elapsed 1554.2s
EarlyStopping counter: 1 out of 5
epoch 20 iter 100 loss 56.2854 | batch_size 24 | samples 2400/21240 | elapsed 31096.5s
epoch 20 iter 200 loss 13.2141 | batch_size 24 | samples 4800/21240 | elapsed 31254.6s
epoch 20 iter 300 loss 29.3424 | batch_size 24 | samples 7200/21240 | elapsed 31413.3s
epoch 20 iter 400 loss 38.7243 | batch_size 24 | samples 9600/21240 | elapsed 31572.2s
epoch 20 iter 500 loss 13.5664 | batch_size 24 | samples 12000/21240 | elapsed 31731.4s
epoch 20 iter 600 loss 37.1372 | batch_size 24 | samples 14400/21240 | elapsed 31889.2s
epoch 20 iter 700 loss 32.0086 | batch_size 24 | samples 16800/21240 | elapsed 32046.1s
epoch 20 iter 800 loss 12.7078 | batch_size 24 | samples 19200/21240 | elapsed 32202.8s
[2025-07-12T19:20:57.853733] epoch 20 train_loss 26.7149 val_loss 12.0933 elapsed 1552.4s
[2025-07-12 19:21:10,643] [INFO] [launch.py:351:main] Process 2317597 exits successfully.
[2025-07-12 19:21:10,643] [INFO] [launch.py:351:main] Process 2317596 exits successfully.
[2025-07-12 19:21:10,643] [INFO] [launch.py:351:main] Process 2317598 exits successfully.
EarlyStopping counter: 2 out of 5
[2025-07-12 19:21:42,679] [INFO] [launch.py:351:main] Process 2317595 exits successfully.
